// Jest Snapshot v1, https://goo.gl/fbAQLP

exports[`Tag component should match the snapshot 1`] = `
<styled.div
  variant="primary"
>
  Test
</styled.div>
`;
