// Jest Snapshot v1, https://goo.gl/fbAQLP

exports[`Button component it matches the snapshot 1`] = `
<styled.button>
  Test
</styled.button>
`;
